homogenization:
  SX:
    N_constituents: 1
    mechanical: {type: pass}
phase:
  Aluminium:
    lattice: cF
    mechanical:
      output: [F, P, F_e, L_p, O]
      elastic:
        type: Hooke
        references: ['G.N. Kamm and G.A. Alers, Journal of Applied Physics 35:327-330, 1964, https://doi.org/10.1063/1.1713309, fit to Tab. I (T_min=100K, T_max=300K)', 'D. Gerlich and E.S. Fisher, Journal of Physics and Chemistry of Solids 30:1197-1205, 1969,
            https://doi.org/10.1016/0022-3697(69)90377-1, fit to Tab. 2 (T_min=293K, T_max=900K)']
        C_11: 106900000000.0
        C_11,T: -36910000.0
        C_11,T^2: -9790.0
        C_12: 60500000000.0
        C_12,T: -8412000.0
        C_12,T^2: -3972.0
        C_44: 28400000000.0
        C_44,T: -14130000.0
        C_44,T^2: -3408.0
        T_ref: 293.15
      plastic:
        type: phenopowerlaw
        references: ['W.F. Hosford et al., Acta Metallurgica 8(3):187-199, 1960, https://doi.org/10.1016/0001-6160(60)90127-9, fitted to Fig. 5 ([111] and [001])']
        output: [xi_sl, gamma_sl]
        N_sl: [12]
        dot_gamma_0_sl: [7.5e-05]
        n_sl: [20]
        a_sl: [5.4]
        xi_0_sl: [2690000.0]
        xi_inf_sl: [67500000.0]
        h_0_sl-sl: [281500000.0]
        h_sl-sl: [1, 1, 5.123, 0.574, 1.123, 1.123, 1]
material:
- constituents:
  - phase: Aluminium
    O: [0.5629757559462369, 0.7176475798525528, 0.11456025733054259, -0.39359394912637663]
    v: 1.0
  homogenization: SX
- constituents:
  - phase: Aluminium
    O: [0.6342450012766876, -0.13147322429731062, -0.06303255378602345, 0.7592594858226109]
    v: 1.0
  homogenization: SX
- constituents:
  - phase: Aluminium
    O: [0.7121065408613358, -0.27427601550022623, 0.35441176561858156, -0.5404343088433061]
    v: 1.0
  homogenization: SX
- constituents:
  - phase: Aluminium
    O: [0.45475808458778555, -0.025395185327065885, 0.4863808875692144, -0.745643213119811]
    v: 1.0
  homogenization: SX
- constituents:
  - phase: Aluminium
    O: [0.3959713892749781, -0.6603309942843221, 0.006317903062868244, 0.638067175902358]
    v: 1.0
  homogenization: SX
- constituents:
  - phase: Aluminium
    O: [0.8529873397441134, 0.4204950583887626, -0.20903687540994736, 0.22781590994866385]
    v: 1.0
  homogenization: SX
- constituents:
  - phase: Aluminium
    O: [0.13051412177506097, -0.010242899468383828, 0.2741231646323221, 0.9527421674512607]
    v: 1.0
  homogenization: SX
- constituents:
  - phase: Aluminium
    O: [0.28510001167935356, -0.383819916232695, -0.3380397494380697, -0.8106351725920894]
    v: 1.0
  homogenization: SX
- constituents:
  - phase: Aluminium
    O: [0.5104381262552421, 0.7943564224797874, 0.11299290217912802, 0.30932733048873823]
    v: 1.0
  homogenization: SX
- constituents:
  - phase: Aluminium
    O: [0.3646697742918115, 0.7369107896524737, 0.3026248361046017, -0.4820753596528138]
    v: 1.0
  homogenization: SX
