homogenization:
  Taylor:
    N_constituents: 2
    mechanical: {type: isostrain}
phase:
  Martensite:
    lattice: cI
    mechanical:
      output: [F, P, F_e, L_p, O]
      elastic:
        type: Hooke
        references: ["D.J. Dever, Journal of Applied Physics 43(8):3293-3301, 1972, https://doi.org/10.1063/1.1661710, fit to Tab. II (T_min=25\xBAC, T_max=880\xBAC)"]
        C_11: 232200000000.0
        C_11,T: -46830000.0
        C_11,T^2: -59880.0
        C_12: 136400000000.0
        C_12,T: -19700000.0
        C_12,T^2: 3760.0
        C_44: 117000000000.0
        C_44,T: -20150000.0
        C_44,T^2: -748.5
        T_ref: 293.15
      plastic:
        type: phenopowerlaw
        references: ['C.C. Tasan et al., Acta Materialia 81:386-400, 2014, https://doi.org/10.1016/j.actamat.2014.07.071, Table 1', "U.F. Kocks, Metallurgical and Materials Transactions B 1:1121\u20131143, 1970, https://doi.org/10.1007/BF02900224"]
        output: [xi_sl, gamma_sl]
        N_sl: [12, 12]
        dot_gamma_0_sl: [0.001, 0.001]
        xi_0_sl: [405800000.0, 456700000.0]
        xi_inf_sl: [872900000.0, 971200000.0]
        h_0_sl-sl: [563000000000.0, 563000000000.0]
        n_sl: [20, 20]
        a_sl: [2.0, 2.0]
        h_sl-sl: [1, 1.4, 1, 1.4, 1.4, 1.4, 1.4, 1.4, 1.4, 1.4, 1.4, 1.4, 1.4, 1.4, 1.4, 1.4, 1.4, 1.4, 1.4, 1.4, 1.4, 1.4, 1.4, 1.4]
  Ferrite:
    lattice: cI
    mechanical:
      output: [F, P, F_e, L_p, O]
      elastic:
        type: Hooke
        references: ["D.J. Dever, Journal of Applied Physics 43(8):3293-3301, 1972, https://doi.org/10.1063/1.1661710, fit to Tab. II (T_min=25\xBAC, T_max=880\xBAC)"]
        C_11: 232200000000.0
        C_11,T: -46830000.0
        C_11,T^2: -59880.0
        C_12: 136400000000.0
        C_12,T: -19700000.0
        C_12,T^2: 3760.0
        C_44: 117000000000.0
        C_44,T: -20150000.0
        C_44,T^2: -748.5
        T_ref: 293.15
      plastic:
        type: phenopowerlaw
        references: ['C.C. Tasan et al., Acta Materialia 81:386-400, 2014, https://doi.org/10.1016/j.actamat.2014.07.071, Table 1', "U.F. Kocks, Metallurgical and Materials Transactions B 1:1121\u20131143, 1970, https://doi.org/10.1007/BF02900224"]
        output: [xi_sl, gamma_sl]
        N_sl: [12, 12]
        dot_gamma_0_sl: [0.001, 0.001]
        n_sl: [20, 20]
        a_sl: [2.25, 2.25]
        xi_0_sl: [95000000.0, 96000000.0]
        xi_inf_sl: [222000000.0, 412000000.0]
        h_0_sl-sl: [1000000000.0, 1000000000.0]
        h_sl-sl: [1, 1.4, 1, 1.4, 1.4, 1.4, 1.4, 1.4, 1.4, 1.4, 1.4, 1.4, 1.4, 1.4, 1.4, 1.4, 1.4, 1.4, 1.4, 1.4, 1.4, 1.4, 1.4, 1.4]
material:
- constituents:
  - phase: Martensite
    v: 0.5
    O: [0.6193335851106294, -0.07359019292405354, 0.016394931781224833, -0.7814995841785868]
  - phase: Ferrite
    v: 0.5
    O: [0.3546622424252532, 0.37719405257015376, -0.3138358834291123, -0.7958934468733007]
  homogenization: Taylor
- constituents:
  - phase: Martensite
    v: 0.5
    O: [0.27278674046698237, 0.7360405876087079, 0.05226234530826523, -0.6173332121965469]
  - phase: Ferrite
    v: 0.5
    O: [0.3503312779351135, -0.4048605666400957, -0.5562497421975575, 0.6355644275644774]
  homogenization: Taylor
- constituents:
  - phase: Martensite
    v: 0.5
    O: [0.5540216621960199, 0.09677102666601947, 0.6986201349840988, 0.44229545917900104]
  - phase: Ferrite
    v: 0.5
    O: [0.26643895153859554, -0.8773983968344361, -0.02735844785794409, -0.3980375028388398]
  homogenization: Taylor
- constituents:
  - phase: Martensite
    v: 0.5
    O: [0.1475485165878214, -0.29952611933767687, 0.17659089608449763, 0.9259207279823254]
  - phase: Ferrite
    v: 0.5
    O: [0.5648318554939126, 0.3541695717448249, -0.3943124371095962, 0.6324923647049676]
  homogenization: Taylor
- constituents:
  - phase: Martensite
    v: 0.5
    O: [0.470644924849127, 0.4459239597949292, -0.24225477833796163, 0.7217740637948935]
  - phase: Ferrite
    v: 0.5
    O: [0.9386433143129159, -0.11284595698497794, 0.1830279627487466, -0.2696577151498777]
  homogenization: Taylor
- constituents:
  - phase: Martensite
    v: 0.5
    O: [0.5949612199914217, 0.7385983367154142, 0.2665785881935203, -0.17155028424427746]
  - phase: Ferrite
    v: 0.5
    O: [0.07883959081925664, 0.29067745032628833, 0.7660380731586396, 0.5678702398106976]
  homogenization: Taylor
- constituents:
  - phase: Martensite
    v: 0.5
    O: [0.49998275185503666, 0.39952681796435346, 0.2940246888278074, 0.7098908732576115]
  - phase: Ferrite
    v: 0.5
    O: [0.9435928649322325, 0.016428518274030215, -0.330182421171026, -0.018498048165705154]
  homogenization: Taylor
- constituents:
  - phase: Martensite
    v: 0.5
    O: [0.10767092654565666, -0.45992388806434226, -0.8615147965422453, -0.186196788649407]
  - phase: Ferrite
    v: 0.5
    O: [0.07334212798350934, -0.20900605644271406, -0.4685107503140031, -0.8552397777660516]
  homogenization: Taylor
- constituents:
  - phase: Martensite
    v: 0.5
    O: [0.5403125851445988, 0.6986280254729726, -0.4624057924464061, -0.07849888833676115]
  - phase: Ferrite
    v: 0.5
    O: [0.13481233357237238, -0.6698601187862432, -0.37395970859081656, -0.6271101915350469]
  homogenization: Taylor
- constituents:
  - phase: Martensite
    v: 0.5
    O: [0.8651098086564907, 0.09031670460157427, 0.13055357136125983, 0.47579793698697614]
  - phase: Ferrite
    v: 0.5
    O: [0.5330543863061853, 0.24550808836357998, -0.7901168039736977, 0.1769017689741576]
  homogenization: Taylor
- constituents:
  - phase: Martensite
    v: 0.5
    O: [0.0422830194447921, 0.7596626229598676, 0.21948373885181316, -0.6106977435065519]
  - phase: Ferrite
    v: 0.5
    O: [0.45675576637538584, 0.6595470507316766, 0.576797001898373, 0.15387357263360568]
  homogenization: Taylor
- constituents:
  - phase: Martensite
    v: 0.5
    O: [0.6648031464691799, -0.051478271041980696, 0.6489364040060531, -0.3664264013562601]
  - phase: Ferrite
    v: 0.5
    O: [0.46974387738270135, 0.7080644673111328, 0.4292389409568689, -0.3061687955345764]
  homogenization: Taylor
- constituents:
  - phase: Martensite
    v: 0.5
    O: [0.8822775670418367, 0.1906191260213162, -0.41398377395393265, -0.1177628056411115]
  - phase: Ferrite
    v: 0.5
    O: [0.5849582594221151, 0.17709892375616318, 0.7408156976896845, -0.27866091938914606]
  homogenization: Taylor
- constituents:
  - phase: Martensite
    v: 0.5
    O: [0.08290890353050973, -0.782177383552632, 0.487257336013832, 0.37934804978387754]
  - phase: Ferrite
    v: 0.5
    O: [0.6638679932148889, -0.0654646431725229, 0.7444549617923264, -0.02793703531007611]
  homogenization: Taylor
- constituents:
  - phase: Martensite
    v: 0.5
    O: [0.3320466472626776, -0.5422216955161084, 0.5919746520615373, -0.4952844316853432]
  - phase: Ferrite
    v: 0.5
    O: [0.2387869044692633, -0.5895301467163696, 0.7193459658485449, -0.27924255009576676]
  homogenization: Taylor
- constituents:
  - phase: Martensite
    v: 0.5
    O: [0.5924722184917094, -0.5531827375384243, 0.025765637091128783, 0.5850655186817073]
  - phase: Ferrite
    v: 0.5
    O: [0.13066686007033446, 0.5208894303690397, -0.10703101242798392, -0.8367465180016095]
  homogenization: Taylor
- constituents:
  - phase: Martensite
    v: 0.5
    O: [0.6143654129705061, 0.5625412358882779, 0.537264025442072, 0.13209793426336758]
  - phase: Ferrite
    v: 0.5
    O: [0.030509710686320864, 0.9881277303247422, 0.1501661004308088, 0.011085503981089262]
  homogenization: Taylor
- constituents:
  - phase: Martensite
    v: 0.5
    O: [0.09014058824075633, -0.08728160714837467, -0.5042118704236824, -0.8544161662381271]
  - phase: Ferrite
    v: 0.5
    O: [0.1333519171659443, 0.7606222437241915, -0.576356611548527, -0.26736515267409877]
  homogenization: Taylor
- constituents:
  - phase: Martensite
    v: 0.5
    O: [0.03027324271772646, -0.14743940309138492, -0.5821173062271866, -0.7990523105418154]
  - phase: Ferrite
    v: 0.5
    O: [0.3412188382318496, -0.0019809321927814353, -0.7431536203624386, -0.5755766472725896]
  homogenization: Taylor
- constituents:
  - phase: Martensite
    v: 0.5
    O: [0.4368740996087271, -0.4826895231642889, 0.2836271385079519, -0.7040649768453806]
  - phase: Ferrite
    v: 0.5
    O: [0.231222451102767, -0.0574091892787339, -0.7964981677329975, 0.5557256804308803]
  homogenization: Taylor
